<html>
<body>
<pre>
<h1>µVision Build Log</h1>
<h2>Project:</h2>
C:\Keil\Labs\lab8-arvin-and-josh-master\lab8-arvin-and-josh-master\Lab8.uvproj
Project File Date:  04/11/2017

<h2>Output:</h2>
Rebuild target 'Lab8'
assembling startup.s...
assembling LCD.s...
assembling Print.s...
compiling ADC.c...
compiling Lab8.c...
compiling ST7735.c...
linking...
Program Size: Code=4596 RO-data=2292 RW-data=100 ZI-data=1180  
".\Lab8.axf" - 0 Error(s), 0 Warning(s).
g ST7735.c...
linking...
.\Lab8.axf: Error: L6218E: Undefined symbol Heartbeat_Init (referred from lab8.o).
Not enough information to list image symbols.
Finished: 1 information, 0 warning and 1 error messages.
".\Lab8.axf" - 1 Error(s), 1 Warning(s).
Target not created
