<html>
<body>
<pre>
<h1>µVision Build Log</h1>
<h2>Project:</h2>
C:\Keil\EE319Kware\lab 8\Lab8.uvproj
Project File Date:  04/11/2017

<h2>Output:</h2>
Rebuild target 'Lab8'
assembling startup.s...
assembling LCD.s...
assembling Print.s...
compiling ADC.c...
compiling Lab8.c...
compiling ST7735.c...
linking...
Program Size: Code=5880 RO-data=2292 RW-data=116 ZI-data=1180  
".\Lab8.axf" - 0 Error(s), 0 Warning(s).
Load "C:\\Keil\\EE319Kware\\lab 8\\Lab8.axf" 
Connecting: Mode=JTAG, Speed=1000000Hz
Erase Done.
Programming Done.
Verify OK.
Load "C:\\Keil\\EE319Kware\\lab 8\\Lab8.axf" 
Connecting: Mode=JTAG, Speed=1000000Hz
Erase Done.
Programming Done.
Verify OK.
